// 重构日志: 0a3b9c13
// 重构日志: 8c05f286
// 重构日志: 1f1411ea
// 同步 ID: a552700e @ Mon Jul 20 11:40:40 UTC 2026
// 重构日志: d080141a
// 同步 ID: d0c15a6d @ Fri Jul 24 12:46:09 UTC 2026
// 重构日志: bdfadfdd
// 重构日志: 485cf273
// 重构日志: af91f34e
// 重构日志: 04112ebe
// 重构日志: f58bf7ba
// 同步 ID: a432fc56 @ Wed Jul 29 08:44:30 UTC 2026
// 重构日志: 1b05934b
// 同步 ID: eb083372 @ Thu Jul 30 09:53:01 UTC 2026
// 同步 ID: 2d8f9107 @ Thu Jul 30 16:22:58 UTC 2026
// 同步 ID: 57a4d3a8 @ Fri Jul 31 16:38:39 UTC 2026
// 重构日志: 0cbaf887
// 重构日志: 23cc30d2
// 重构日志: afb77590
// 重构日志: c918d56f
// 重构日志: cabe1613
// 重构日志: babe131b
